
Memory Configuration

Name             Origin             Length             Attributes
flash            0x00000000         0x20000000         xr
sram             0x20000000         0x20000000         xrw
*default*        0x00000000         0xffffffff

Linker script and memory map


.text           0x00000000      0x184
 *(.vector*)
 .vector        0x00000000       0x1c startup.o
                0x00000000                vectors
 *(.text*)
 .text          0x0000001c       0xac main.o
                0x0000001c                main
 .text          0x000000c8       0xbc startup.o
                0x000000c8                usage_fault
                0x000000c8                mm_fault
                0x000000c8                bus_fault
                0x000000c8                default_handler
                0x000000c8                nmt_handler
                0x000000c8                h_fault
                0x000000d4                reset
 *(.rodata)
                0x00000184                . = ALIGN (0x4)
                0x00000184                _E_text = .

.glue_7         0x00000184        0x0
 .glue_7        0x00000000        0x0 linker stubs

.glue_7t        0x00000184        0x0
 .glue_7t       0x00000000        0x0 linker stubs

.vfp11_veneer   0x00000184        0x0
 .vfp11_veneer  0x00000000        0x0 linker stubs

.v4_bx          0x00000184        0x0
 .v4_bx         0x00000000        0x0 linker stubs

.iplt           0x00000184        0x0
 .iplt          0x00000000        0x0 main.o

.rel.dyn        0x00000184        0x0
 .rel.iplt      0x00000000        0x0 main.o

.data           0x20000000        0x0 load address 0x00000184
                0x20000000                _S_data = .
 *(.data)
 .data          0x20000000        0x0 main.o
 .data          0x20000000        0x0 startup.o
                0x20000000                . = ALIGN (0x4)
                0x20000000                _E_data = .

.igot.plt       0x20000000        0x0 load address 0x00000184
 .igot.plt      0x00000000        0x0 main.o

.bss            0x20000000      0x400 load address 0x00000184
                0x20000000                _S_bss = .
 *(.bss)
 .bss           0x20000000        0x0 main.o
 .bss           0x20000000      0x400 startup.o
                0x20000400                . = ALIGN (0x4)
                0x20000400                _E_bss = .
LOAD main.o
LOAD startup.o
OUTPUT(learn-in-depth.elf elf32-littlearm)

.debug_info     0x00000000      0x240
 .debug_info    0x00000000       0xa1 main.o
 .debug_info    0x000000a1      0x19f startup.o

.debug_abbrev   0x00000000      0x12a
 .debug_abbrev  0x00000000       0x53 main.o
 .debug_abbrev  0x00000053       0xd7 startup.o

.debug_loc      0x00000000       0x9c
 .debug_loc     0x00000000       0x38 main.o
 .debug_loc     0x00000038       0x64 startup.o

.debug_aranges  0x00000000       0x40
 .debug_aranges
                0x00000000       0x20 main.o
 .debug_aranges
                0x00000020       0x20 startup.o

.debug_line     0x00000000       0xbd
 .debug_line    0x00000000       0x56 main.o
 .debug_line    0x00000056       0x67 startup.o

.debug_str      0x00000000      0x12b
 .debug_str     0x00000000       0xad main.o
                                 0xe6 (size before relaxing)
 .debug_str     0x000000ad       0x7e startup.o
                                0x158 (size before relaxing)

.comment        0x00000000       0x11
 .comment       0x00000000       0x11 main.o
                                 0x12 (size before relaxing)
 .comment       0x00000000       0x12 startup.o

.ARM.attributes
                0x00000000       0x33
 .ARM.attributes
                0x00000000       0x33 main.o
 .ARM.attributes
                0x00000033       0x33 startup.o

.debug_frame    0x00000000       0x78
 .debug_frame   0x00000000       0x2c main.o
 .debug_frame   0x0000002c       0x4c startup.o
