
Memory Configuration

Name             Origin             Length             Attributes
flash            0x08000000         0x08000000         xr
sram             0x20000000         0x01400000         xrw
*default*        0x00000000         0xffffffff

Linker script and memory map


.text           0x08000000      0x184
 *(.vector*)
 .vector        0x08000000       0x1c startup.o
                0x08000000                vectors
 *(.text*)
 .text          0x0800001c       0xac main.o
                0x0800001c                main
 .text          0x080000c8       0xbc startup.o
                0x080000c8                usage_fault
                0x080000c8                mm_fault
                0x080000c8                bus_fault
                0x080000c8                default_handler
                0x080000c8                nmt_handler
                0x080000c8                h_fault
                0x080000d4                reset
 *(.rodata)
                0x08000184                . = ALIGN (0x4)
                0x08000184                _E_text = .

.glue_7         0x08000184        0x0
 .glue_7        0x00000000        0x0 linker stubs

.glue_7t        0x08000184        0x0
 .glue_7t       0x00000000        0x0 linker stubs

.vfp11_veneer   0x08000184        0x0
 .vfp11_veneer  0x00000000        0x0 linker stubs

.v4_bx          0x08000184        0x0
 .v4_bx         0x00000000        0x0 linker stubs

.iplt           0x08000184        0x0
 .iplt          0x00000000        0x0 main.o

.rel.dyn        0x08000184        0x0
 .rel.iplt      0x00000000        0x0 main.o

.data           0x20000000        0xc load address 0x08000184
                0x20000000                _S_data = .
 *(.data)
 .data          0x20000000        0xc main.o
                0x20000000                arr
 .data          0x2000000c        0x0 startup.o
                0x2000000c                . = ALIGN (0x4)
                0x2000000c                _E_data = .

.igot.plt       0x2000000c        0x0 load address 0x08000190
 .igot.plt      0x00000000        0x0 main.o

.bss            0x2000000c        0x0 load address 0x08000190
                0x2000000c                _S_bss = .
 *(.bss)
 .bss           0x2000000c        0x0 main.o
 .bss           0x2000000c        0x0 startup.o
                0x2000000c                . = ALIGN (0x4)
                0x2000000c                _E_bss = .
                0x2000100c                . = (. + 0x1000)
                0x2000100c                stack_top = .
LOAD main.o
LOAD startup.o
OUTPUT(learn-in-depth.elf elf32-littlearm)

.debug_info     0x00000000      0x2c8
 .debug_info    0x00000000      0x144 main.o
 .debug_info    0x00000144      0x184 startup.o

.debug_abbrev   0x00000000      0x1bf
 .debug_abbrev  0x00000000       0xe9 main.o
 .debug_abbrev  0x000000e9       0xd6 startup.o

.debug_loc      0x00000000       0x9c
 .debug_loc     0x00000000       0x38 main.o
 .debug_loc     0x00000038       0x64 startup.o

.debug_aranges  0x00000000       0x40
 .debug_aranges
                0x00000000       0x20 main.o
 .debug_aranges
                0x00000020       0x20 startup.o

.debug_line     0x00000000      0x103
 .debug_line    0x00000000       0x57 main.o
 .debug_line    0x00000057       0xac startup.o

.debug_str      0x00000000      0x157
 .debug_str     0x00000000       0xd0 main.o
                                0x109 (size before relaxing)
 .debug_str     0x000000d0       0x87 startup.o
                                0x161 (size before relaxing)

.comment        0x00000000       0x11
 .comment       0x00000000       0x11 main.o
                                 0x12 (size before relaxing)
 .comment       0x00000000       0x12 startup.o

.ARM.attributes
                0x00000000       0x33
 .ARM.attributes
                0x00000000       0x33 main.o
 .ARM.attributes
                0x00000033       0x33 startup.o

.debug_frame    0x00000000       0x78
 .debug_frame   0x00000000       0x2c main.o
 .debug_frame   0x0000002c       0x4c startup.o
